GWIPC_0.1 {
  global:
    gwipc_*;
  local:
    *;
};

GWIPC_0.2 {
  global:
    gwipc_contract_*;
    gwipc_decoded_*;
} GWIPC_0.1;

GWIPC_0.3 {
  global:
    gwipc_control_*;
} GWIPC_0.2;

GWIPC_0.4 {
  global:
    gwipc_contract_encode_policy_lifecycle_window_upsert;
    gwipc_contract_encode_surface_policy_upsert;
    gwipc_decoded_policy_lifecycle_window_upsert;
    gwipc_decoded_surface_policy_upsert;
    gwipc_connection_enqueue_with_sequence;
} GWIPC_0.3;

GWIPC_0.5 {
  global:
    gwipc_contract_encode_synthetic_*;
    gwipc_decoded_synthetic_*;
} GWIPC_0.4;

GWIPC_0.6 {
  global:
    gwipc_contract_encode_policy_bindings_upsert;
    gwipc_decoded_policy_bindings_upsert;
    gwipc_contract_encode_session_state_change;
    gwipc_decoded_session_state_change;
    gwipc_contract_encode_session_state_acknowledged;
    gwipc_decoded_session_state_acknowledged;
} GWIPC_0.5;

GWIPC_0.7 {
} GWIPC_0.6;

GWIPC_0.8 {
  global:
    gwipc_contract_encode_output_descriptor_upsert;
    gwipc_decoded_output_descriptor_upsert;
    gwipc_contract_encode_output_mode_upsert;
    gwipc_decoded_output_mode_upsert;
    gwipc_contract_encode_surface_output_state;
    gwipc_decoded_surface_output_state;
    gwipc_contract_encode_policy_output_upsert;
    gwipc_decoded_policy_output_upsert;
    gwipc_contract_encode_policy_window_output_hint;
    gwipc_decoded_policy_window_output_hint;
    gwipc_contract_encode_output_state_query;
    gwipc_decoded_output_state_query;
    gwipc_contract_encode_output_configuration_commit;
    gwipc_decoded_output_configuration_commit;
    gwipc_contract_encode_output_configuration_acknowledged;
    gwipc_decoded_output_configuration_acknowledged;
} GWIPC_0.7;
